// Jest Snapshot v1, https://goo.gl/fbAQLP

exports[`<Rating /> renders correctly with custom props 1`] = `
<View
  style={
    Object {
      "flexDirection": "column",
    }
  }
>
  <View
    accessibilityComponentType={undefined}
    accessibilityLabel={undefined}
    accessibilityTraits={undefined}
    accessible={true}
    hitSlop={undefined}
    onLayout={undefined}
    onResponderGrant={[Function]}
    onResponderMove={[Function]}
    onResponderRelease={[Function]}
    onResponderTerminate={[Function]}
    onResponderTerminationRequest={[Function]}
    onStartShouldSetResponder={[Function]}
    style={
      Object {
        "backgroundColor": "#5e23dc",
        "height": 40,
        "width": 40,
      }
    }
    testID={undefined}
  >
    <View
      style={
        Object {
          "bottom": 0,
          "left": 0,
          "position": "absolute",
          "right": 0,
          "top": 0,
        }
      }
    >
      <Image
        source={1}
        style={
          Object {
            "flex": 1,
            "height": null,
            "opacity": 0,
            "resizeMode": "contain",
            "transform": Array [
              Object {
                "scale": 1,
              },
            ],
            "width": null,
          }
        }
      />
    </View>
    <View
      style={
        Object {
          "bottom": 0,
          "left": 0,
          "position": "absolute",
          "right": 0,
          "top": 0,
        }
      }
    >
      <Image
        source={1}
        style={
          Object {
            "flex": 1,
            "height": null,
            "opacity": 1,
            "resizeMode": "contain",
            "transform": Array [
              Object {
                "scale": 1,
              },
            ],
            "width": null,
          }
        }
      />
    </View>
  </View>
  <View
    accessibilityComponentType={undefined}
    accessibilityLabel={undefined}
    accessibilityTraits={undefined}
    accessible={true}
    hitSlop={undefined}
    onLayout={undefined}
    onResponderGrant={[Function]}
    onResponderMove={[Function]}
    onResponderRelease={[Function]}
    onResponderTerminate={[Function]}
    onResponderTerminationRequest={[Function]}
    onStartShouldSetResponder={[Function]}
    style={
      Object {
        "backgroundColor": "#5e23dc",
        "height": 40,
        "width": 40,
      }
    }
    testID={undefined}
  >
    <View
      style={
        Object {
          "bottom": 0,
          "left": 0,
          "position": "absolute",
          "right": 0,
          "top": 0,
        }
      }
    >
      <Image
        source={1}
        style={
          Object {
            "flex": 1,
            "height": null,
            "opacity": 0,
            "resizeMode": "contain",
            "transform": Array [
              Object {
                "scale": 1,
              },
            ],
            "width": null,
          }
        }
      />
    </View>
    <View
      style={
        Object {
          "bottom": 0,
          "left": 0,
          "position": "absolute",
          "right": 0,
          "top": 0,
        }
      }
    >
      <Image
        source={1}
        style={
          Object {
            "flex": 1,
            "height": null,
            "opacity": 1,
            "resizeMode": "contain",
            "transform": Array [
              Object {
                "scale": 1,
              },
            ],
            "width": null,
          }
        }
      />
    </View>
  </View>
  <View
    accessibilityComponentType={undefined}
    accessibilityLabel={undefined}
    accessibilityTraits={undefined}
    accessible={true}
    hitSlop={undefined}
    onLayout={undefined}
    onResponderGrant={[Function]}
    onResponderMove={[Function]}
    onResponderRelease={[Function]}
    onResponderTerminate={[Function]}
    onResponderTerminationRequest={[Function]}
    onStartShouldSetResponder={[Function]}
    style={
      Object {
        "backgroundColor": "#5e23dc",
        "height": 40,
        "width": 40,
      }
    }
    testID={undefined}
  >
    <View
      style={
        Object {
          "bottom": 0,
          "left": 0,
          "position": "absolute",
          "right": 0,
          "top": 0,
        }
      }
    >
      <Image
        source={1}
        style={
          Object {
            "flex": 1,
            "height": null,
            "opacity": 1,
            "resizeMode": "contain",
            "transform": Array [
              Object {
                "scale": 1,
              },
            ],
            "width": null,
          }
        }
      />
    </View>
    <View
      style={
        Object {
          "bottom": 0,
          "left": 0,
          "position": "absolute",
          "right": 0,
          "top": 0,
        }
      }
    >
      <Image
        source={1}
        style={
          Object {
            "flex": 1,
            "height": null,
            "opacity": 0,
            "resizeMode": "contain",
            "transform": Array [
              Object {
                "scale": 1,
              },
            ],
            "width": null,
          }
        }
      />
    </View>
  </View>
  <View
    accessibilityComponentType={undefined}
    accessibilityLabel={undefined}
    accessibilityTraits={undefined}
    accessible={true}
    hitSlop={undefined}
    onLayout={undefined}
    onResponderGrant={[Function]}
    onResponderMove={[Function]}
    onResponderRelease={[Function]}
    onResponderTerminate={[Function]}
    onResponderTerminationRequest={[Function]}
    onStartShouldSetResponder={[Function]}
    style={
      Object {
        "backgroundColor": "#5e23dc",
        "height": 40,
        "width": 40,
      }
    }
    testID={undefined}
  >
    <View
      style={
        Object {
          "bottom": 0,
          "left": 0,
          "position": "absolute",
          "right": 0,
          "top": 0,
        }
      }
    >
      <Image
        source={1}
        style={
          Object {
            "flex": 1,
            "height": null,
            "opacity": 1,
            "resizeMode": "contain",
            "transform": Array [
              Object {
                "scale": 1,
              },
            ],
            "width": null,
          }
        }
      />
    </View>
    <View
      style={
        Object {
          "bottom": 0,
          "left": 0,
          "position": "absolute",
          "right": 0,
          "top": 0,
        }
      }
    >
      <Image
        source={1}
        style={
          Object {
            "flex": 1,
            "height": null,
            "opacity": 0,
            "resizeMode": "contain",
            "transform": Array [
              Object {
                "scale": 1,
              },
            ],
            "width": null,
          }
        }
      />
    </View>
  </View>
  <View
    accessibilityComponentType={undefined}
    accessibilityLabel={undefined}
    accessibilityTraits={undefined}
    accessible={true}
    hitSlop={undefined}
    onLayout={undefined}
    onResponderGrant={[Function]}
    onResponderMove={[Function]}
    onResponderRelease={[Function]}
    onResponderTerminate={[Function]}
    onResponderTerminationRequest={[Function]}
    onStartShouldSetResponder={[Function]}
    style={
      Object {
        "backgroundColor": "#5e23dc",
        "height": 40,
        "width": 40,
      }
    }
    testID={undefined}
  >
    <View
      style={
        Object {
          "bottom": 0,
          "left": 0,
          "position": "absolute",
          "right": 0,
          "top": 0,
        }
      }
    >
      <Image
        source={1}
        style={
          Object {
            "flex": 1,
            "height": null,
            "opacity": 1,
            "resizeMode": "contain",
            "transform": Array [
              Object {
                "scale": 1,
              },
            ],
            "width": null,
          }
        }
      />
    </View>
    <View
      style={
        Object {
          "bottom": 0,
          "left": 0,
          "position": "absolute",
          "right": 0,
          "top": 0,
        }
      }
    >
      <Image
        source={1}
        style={
          Object {
            "flex": 1,
            "height": null,
            "opacity": 0,
            "resizeMode": "contain",
            "transform": Array [
              Object {
                "scale": 1,
              },
            ],
            "width": null,
          }
        }
      />
    </View>
  </View>
  <View
    accessibilityComponentType={undefined}
    accessibilityLabel={undefined}
    accessibilityTraits={undefined}
    accessible={true}
    hitSlop={undefined}
    onLayout={undefined}
    onResponderGrant={[Function]}
    onResponderMove={[Function]}
    onResponderRelease={[Function]}
    onResponderTerminate={[Function]}
    onResponderTerminationRequest={[Function]}
    onStartShouldSetResponder={[Function]}
    style={
      Object {
        "backgroundColor": "#5e23dc",
        "height": 40,
        "width": 40,
      }
    }
    testID={undefined}
  >
    <View
      style={
        Object {
          "bottom": 0,
          "left": 0,
          "position": "absolute",
          "right": 0,
          "top": 0,
        }
      }
    >
      <Image
        source={1}
        style={
          Object {
            "flex": 1,
            "height": null,
            "opacity": 1,
            "resizeMode": "contain",
            "transform": Array [
              Object {
                "scale": 1,
              },
            ],
            "width": null,
          }
        }
      />
    </View>
    <View
      style={
        Object {
          "bottom": 0,
          "left": 0,
          "position": "absolute",
          "right": 0,
          "top": 0,
        }
      }
    >
      <Image
        source={1}
        style={
          Object {
            "flex": 1,
            "height": null,
            "opacity": 0,
            "resizeMode": "contain",
            "transform": Array [
              Object {
                "scale": 1,
              },
            ],
            "width": null,
          }
        }
      />
    </View>
  </View>
</View>
`;

exports[`<Rating /> renders correctly with default props 1`] = `
<View
  style={
    Object {
      "flexDirection": "row",
    }
  }
>
  <View
    accessibilityComponentType={undefined}
    accessibilityLabel={undefined}
    accessibilityTraits={undefined}
    accessible={true}
    hitSlop={undefined}
    onLayout={undefined}
    onResponderGrant={[Function]}
    onResponderMove={[Function]}
    onResponderRelease={[Function]}
    onResponderTerminate={[Function]}
    onResponderTerminationRequest={[Function]}
    onStartShouldSetResponder={[Function]}
    style={
      Object {
        "height": 36,
        "width": 36,
      }
    }
    testID={undefined}
  >
    <View
      style={
        Object {
          "bottom": 0,
          "left": 0,
          "position": "absolute",
          "right": 0,
          "top": 0,
        }
      }
    >
      <Image
        source={1}
        style={
          Object {
            "flex": 1,
            "height": null,
            "opacity": 1,
            "resizeMode": "contain",
            "transform": Array [
              Object {
                "scale": 1,
              },
            ],
            "width": null,
          }
        }
      />
    </View>
    <View
      style={
        Object {
          "bottom": 0,
          "left": 0,
          "position": "absolute",
          "right": 0,
          "top": 0,
        }
      }
    >
      <Image
        source={1}
        style={
          Object {
            "flex": 1,
            "height": null,
            "opacity": 0,
            "resizeMode": "contain",
            "transform": Array [
              Object {
                "scale": 1,
              },
            ],
            "width": null,
          }
        }
      />
    </View>
  </View>
  <View
    accessibilityComponentType={undefined}
    accessibilityLabel={undefined}
    accessibilityTraits={undefined}
    accessible={true}
    hitSlop={undefined}
    onLayout={undefined}
    onResponderGrant={[Function]}
    onResponderMove={[Function]}
    onResponderRelease={[Function]}
    onResponderTerminate={[Function]}
    onResponderTerminationRequest={[Function]}
    onStartShouldSetResponder={[Function]}
    style={
      Object {
        "height": 36,
        "width": 36,
      }
    }
    testID={undefined}
  >
    <View
      style={
        Object {
          "bottom": 0,
          "left": 0,
          "position": "absolute",
          "right": 0,
          "top": 0,
        }
      }
    >
      <Image
        source={1}
        style={
          Object {
            "flex": 1,
            "height": null,
            "opacity": 1,
            "resizeMode": "contain",
            "transform": Array [
              Object {
                "scale": 1,
              },
            ],
            "width": null,
          }
        }
      />
    </View>
    <View
      style={
        Object {
          "bottom": 0,
          "left": 0,
          "position": "absolute",
          "right": 0,
          "top": 0,
        }
      }
    >
      <Image
        source={1}
        style={
          Object {
            "flex": 1,
            "height": null,
            "opacity": 0,
            "resizeMode": "contain",
            "transform": Array [
              Object {
                "scale": 1,
              },
            ],
            "width": null,
          }
        }
      />
    </View>
  </View>
  <View
    accessibilityComponentType={undefined}
    accessibilityLabel={undefined}
    accessibilityTraits={undefined}
    accessible={true}
    hitSlop={undefined}
    onLayout={undefined}
    onResponderGrant={[Function]}
    onResponderMove={[Function]}
    onResponderRelease={[Function]}
    onResponderTerminate={[Function]}
    onResponderTerminationRequest={[Function]}
    onStartShouldSetResponder={[Function]}
    style={
      Object {
        "height": 36,
        "width": 36,
      }
    }
    testID={undefined}
  >
    <View
      style={
        Object {
          "bottom": 0,
          "left": 0,
          "position": "absolute",
          "right": 0,
          "top": 0,
        }
      }
    >
      <Image
        source={1}
        style={
          Object {
            "flex": 1,
            "height": null,
            "opacity": 1,
            "resizeMode": "contain",
            "transform": Array [
              Object {
                "scale": 1,
              },
            ],
            "width": null,
          }
        }
      />
    </View>
    <View
      style={
        Object {
          "bottom": 0,
          "left": 0,
          "position": "absolute",
          "right": 0,
          "top": 0,
        }
      }
    >
      <Image
        source={1}
        style={
          Object {
            "flex": 1,
            "height": null,
            "opacity": 0,
            "resizeMode": "contain",
            "transform": Array [
              Object {
                "scale": 1,
              },
            ],
            "width": null,
          }
        }
      />
    </View>
  </View>
  <View
    accessibilityComponentType={undefined}
    accessibilityLabel={undefined}
    accessibilityTraits={undefined}
    accessible={true}
    hitSlop={undefined}
    onLayout={undefined}
    onResponderGrant={[Function]}
    onResponderMove={[Function]}
    onResponderRelease={[Function]}
    onResponderTerminate={[Function]}
    onResponderTerminationRequest={[Function]}
    onStartShouldSetResponder={[Function]}
    style={
      Object {
        "height": 36,
        "width": 36,
      }
    }
    testID={undefined}
  >
    <View
      style={
        Object {
          "bottom": 0,
          "left": 0,
          "position": "absolute",
          "right": 0,
          "top": 0,
        }
      }
    >
      <Image
        source={1}
        style={
          Object {
            "flex": 1,
            "height": null,
            "opacity": 1,
            "resizeMode": "contain",
            "transform": Array [
              Object {
                "scale": 1,
              },
            ],
            "width": null,
          }
        }
      />
    </View>
    <View
      style={
        Object {
          "bottom": 0,
          "left": 0,
          "position": "absolute",
          "right": 0,
          "top": 0,
        }
      }
    >
      <Image
        source={1}
        style={
          Object {
            "flex": 1,
            "height": null,
            "opacity": 0,
            "resizeMode": "contain",
            "transform": Array [
              Object {
                "scale": 1,
              },
            ],
            "width": null,
          }
        }
      />
    </View>
  </View>
  <View
    accessibilityComponentType={undefined}
    accessibilityLabel={undefined}
    accessibilityTraits={undefined}
    accessible={true}
    hitSlop={undefined}
    onLayout={undefined}
    onResponderGrant={[Function]}
    onResponderMove={[Function]}
    onResponderRelease={[Function]}
    onResponderTerminate={[Function]}
    onResponderTerminationRequest={[Function]}
    onStartShouldSetResponder={[Function]}
    style={
      Object {
        "height": 36,
        "width": 36,
      }
    }
    testID={undefined}
  >
    <View
      style={
        Object {
          "bottom": 0,
          "left": 0,
          "position": "absolute",
          "right": 0,
          "top": 0,
        }
      }
    >
      <Image
        source={1}
        style={
          Object {
            "flex": 1,
            "height": null,
            "opacity": 1,
            "resizeMode": "contain",
            "transform": Array [
              Object {
                "scale": 1,
              },
            ],
            "width": null,
          }
        }
      />
    </View>
    <View
      style={
        Object {
          "bottom": 0,
          "left": 0,
          "position": "absolute",
          "right": 0,
          "top": 0,
        }
      }
    >
      <Image
        source={1}
        style={
          Object {
            "flex": 1,
            "height": null,
            "opacity": 0,
            "resizeMode": "contain",
            "transform": Array [
              Object {
                "scale": 1,
              },
            ],
            "width": null,
          }
        }
      />
    </View>
  </View>
</View>
`;
